   Compiling proc-macro2 v1.0.107
   Compiling quote v1.0.47
   Compiling unicode-ident v1.0.26
   Compiling cfg-if v1.0.5
   Compiling libc v0.2.190
   Compiling once_cell v1.21.4
   Compiling pkg-config v0.3.34
   Compiling find-msvc-tools v0.1.14
   Compiling shlex v2.0.1
   Compiling bitflags v2.13.2
   Compiling log v0.4.34
   Compiling smallvec v1.16.2
   Compiling memchr v2.8.3
   Compiling rustix v1.1.5
   Compiling linux-raw-sys v0.12.1
   Compiling version_check v0.9.5
   Compiling serde_core v1.0.229
   Compiling pin-project-lite v0.2.17
   Compiling autocfg v1.5.1
   Compiling serde v1.0.229
   Compiling libloading v0.8.9
   Compiling downcast-rs v1.2.1
   Compiling stable_deref_trait v1.2.1
   Compiling cc v1.6.0
   Compiling zerocopy v0.8.59
   Compiling scoped-tls v1.0.1
   Compiling dlib v0.5.3
   Compiling wayland-client v0.31.15
   Compiling typenum v1.20.1
   Compiling hashbrown v0.17.1
   Compiling getrandom v0.3.4
   Compiling equivalent v1.0.2
   Compiling glob v0.3.4
   Compiling generic-array v0.14.7
   Compiling target-lexicon v0.13.5
   Compiling tracing-core v0.1.36
   Compiling slab v0.4.12
   Compiling winnow v0.7.15
   Compiling subtle v2.6.1
   Compiling bytes v1.12.1
   Compiling percent-encoding v2.3.2
   Compiling num-traits v0.2.19
   Compiling minimal-lexical v0.2.1
   Compiling quick-xml v0.41.0
   Compiling wayland-sys v0.31.11
   Compiling clang-sys v1.9.1
   Compiling regex-syntax v0.8.11
   Compiling syn v3.0.6
   Compiling syn v2.0.119
   Compiling indexmap v2.14.2
   Compiling nom v7.1.3
   Compiling khronos_api v3.1.0
   Compiling cfg-expr v0.20.10
   Compiling version-compare v0.2.1
   Compiling either v1.18.0
   Compiling anstyle v1.0.11
   Compiling bindgen v0.72.1
   Compiling heck v0.5.0
   Compiling writeable v0.6.4
   Compiling unicode-width v0.2.2
   Compiling getrandom v0.2.17
   Compiling litemap v0.8.3
   Compiling itoa v1.0.18
   Compiling annotate-snippets v0.11.5
   Compiling itertools v0.12.1
   Compiling crypto-common v0.1.7
   Compiling utf8_iter v1.0.4
   Compiling futures-core v0.3.34
   Compiling rustc-hash v2.1.3
   Compiling cfg_aliases v0.2.2
   Compiling icu_properties_data v2.3.0
   Compiling shlex v1.3.0
   Compiling icu_normalizer_data v2.3.0
   Compiling wayland-scanner v0.31.11
   Compiling xml-rs v0.8.29
   Compiling http v1.5.0
   Compiling block-buffer v0.10.4
   Compiling mio v1.2.3
   Compiling regex-automata v0.4.18
   Compiling socket2 v0.6.5
   Compiling ahash v0.8.12
   Compiling parking_lot_core v0.9.12
   Compiling wayland-backend v0.3.17
   Compiling ring v0.17.14
   Compiling thiserror v1.0.69
   Compiling simd-adler32 v0.3.10
   Compiling rustix v0.38.44
   Compiling digest v0.10.7
   Compiling x11-dl v2.21.0
   Compiling cexpr v0.6.0
   Compiling gl_generator v0.14.0
   Compiling scopeguard v1.2.0
   Compiling httparse v1.10.1
   Compiling untrusted v0.9.0
   Compiling thiserror v2.0.21
   Compiling xcursor v0.3.11
   Compiling adler2 v2.0.1
   Compiling xkeysym v0.2.1
   Compiling linux-raw-sys v0.4.15
   Compiling crc32fast v1.5.2
   Compiling crossbeam-utils v0.8.23
   Compiling cursor-icon v1.2.0
   Compiling lock_api v0.4.14
   Compiling memmap2 v0.9.11
   Compiling form_urlencoded v1.2.2
   Compiling futures-sink v0.3.34
   Compiling ttf-parser v0.25.1
   Compiling toml_datetime v0.6.11
   Compiling serde_spanned v0.6.9
   Compiling crossbeam-epoch v0.9.21
   Compiling futures-task v0.3.34
   Compiling rustls v0.23.45
   Compiling cpufeatures v0.2.17
   Compiling toml_edit v0.22.27
   Compiling parking_lot v0.12.5
   Compiling http-body v1.1.0
   Compiling miniz_oxide v0.9.1
   Compiling block-padding v0.3.3
   Compiling regex v1.13.1
   Compiling num-integer v0.1.47
   Compiling libdbus-sys v0.2.7
   Compiling ab_glyph_rasterizer v0.1.10
   Compiling smithay-client-toolkit v0.19.2
   Compiling crossbeam-deque v0.8.8
   Compiling as-raw-xcb-connection v1.0.1
   Compiling x11rb-protocol v0.13.2
   Compiling flate2 v1.1.10
   Compiling inout v0.1.4
   Compiling glutin_egl_sys v0.7.1
   Compiling glutin_glx_sys v0.6.1
   Compiling miniz_oxide v0.8.9
   Compiling fdeflate v0.3.7
   Compiling winit v0.30.13
   Compiling epaint_default_fonts v0.33.3
   Compiling raw-window-handle v0.6.2
   Compiling smithay-client-toolkit v0.20.0
   Compiling ppv-lite86 v0.2.21
   Compiling try-lock v0.2.5
   Compiling rayon-core v1.13.0
   Compiling nohash-hasher v0.2.0
   Compiling tower-service v0.3.3
   Compiling profiling v1.0.18
   Compiling pxfm v0.1.30
   Compiling want v0.3.1
   Compiling png v0.18.1
   Compiling synstructure v0.14.0
   Compiling cipher v0.4.4
   Compiling num-bigint v0.4.8
   Compiling xkbcommon-dl v0.4.2
   Compiling glutin v0.32.3
   Compiling futures-channel v0.3.34
   Compiling rand_core v0.9.5
   Compiling memoffset v0.9.1
   Compiling toml v0.8.23
   Compiling byteorder-lite v0.1.0
   Compiling atomic-waker v1.1.2
   Compiling zmij v1.0.23
   Compiling unicode-segmentation v1.13.3
   Compiling dpi v0.1.2
   Compiling system-deps v7.0.5
   Compiling smol_str v0.2.2
   Compiling rand_chacha v0.9.0
   Compiling owned_ttf_parser v0.25.1
   Compiling ab_glyph v0.2.32
   Compiling dbus v0.9.12
   Compiling tracing-attributes v0.1.31
   Compiling zeroize_derive v1.5.0
   Compiling polling v3.11.0
   Compiling thiserror-impl v1.0.69
   Compiling gethostname v1.1.0
   Compiling libspa v0.10.1
   Compiling zeroize v1.9.0
   Compiling zerofrom-derive v0.1.8
   Compiling yoke-derive v0.8.4
   Compiling zerovec-derive v0.11.6
   Compiling displaydoc v0.2.7
   Compiling bytemuck_derive v1.12.1
   Compiling rustls-pki-types v1.15.1
   Compiling tracing v0.1.44
   Compiling tokio-macros v2.7.2
   Compiling wayland-csd-frame v0.3.0
   Compiling thiserror-impl v2.0.21
   Compiling futures-macro v0.3.34
   Compiling calloop v0.14.5
   Compiling moxcms v0.8.1
   Compiling serde_derive v1.0.229
   Compiling calloop v0.13.0
   Compiling num-rational v0.4.2
   Compiling nom v8.0.0
   Compiling zerofrom v0.1.8
   Compiling yoke v0.8.3
   Compiling bytemuck v1.25.2
   Compiling zerovec v0.11.8
   Compiling zerotrie v0.2.5
   Compiling tokio v1.53.2
   Compiling emath v0.33.3
   Compiling futures-util v0.3.34
   Compiling num-iter v0.1.46
   Compiling hmac v0.12.1
   Compiling glutin-winit v0.5.0
   Compiling ecolor v0.33.3
   Compiling wayland-protocols v0.32.13
   Compiling tinystr v0.8.4
   Compiling potential_utf v0.1.6
   Compiling wayland-cursor v0.31.14
   Compiling calloop-wayland-source v0.3.0
   Compiling calloop-wayland-source v0.4.1
   Compiling icu_collections v2.3.0
   Compiling epaint v0.33.3
   Compiling sync_wrapper v1.0.2
   Compiling rand_core v0.6.4
   Compiling num-complex v0.4.6
   Compiling icu_locale_core v2.3.0
   Compiling cookie-factory v0.3.3
   Compiling tower-layer v0.3.3
   Compiling getrandom v0.4.3
   Compiling fastrand v2.5.0
   Compiling ipnet v2.12.2
   Compiling serde_json v1.0.151
   Compiling base64 v0.23.1
   Compiling num v0.4.3
   Compiling rayon v1.12.0
   Compiling rand_chacha v0.3.1
   Compiling hkdf v0.12.4
   Compiling webpki-roots v1.0.9
   Compiling rand v0.9.5
   Compiling aes v0.8.4
   Compiling cbc v0.1.2
   Compiling sha2 v0.10.9
   Compiling icu_provider v2.3.1
   Compiling icu_normalizer v2.3.0
   Compiling icu_properties v2.3.0
   Compiling libspa-sys v0.10.1
   Compiling pipewire-sys v0.10.1
   Compiling egui v0.33.3
   Compiling sha1 v0.10.7
   Compiling web-time v1.1.0
   Compiling ryu v1.0.23
   Compiling openssl-probe v0.2.1
   Compiling litrs v1.0.0
   Compiling utf-8 v0.7.6
   Compiling glow v0.16.0
   Compiling option-ext v0.2.0
   Compiling anyhow v1.0.104
   Compiling data-encoding v2.11.1
   Compiling lazy_static v1.5.1
   Compiling dirs-sys v0.5.0
   Compiling sharded-slab v0.1.7
   Compiling idna_adapter v1.2.2
   Compiling idna v1.1.0
   Compiling image v0.25.10
   Compiling document-features v0.2.12
   Compiling serde_urlencoded v0.7.1
   Compiling url v2.5.8
   Compiling sysinfo v0.30.13
   Compiling rustls-native-certs v0.8.4
   Compiling dbus-secret-service v4.1.0
   Compiling webbrowser v1.2.4
   Compiling rand v0.8.8
   Compiling hyper v1.11.1
   Compiling tower v0.5.3
   Compiling http-body-util v0.1.5
   Compiling tracing-log v0.2.0
   Compiling thread_local v1.1.10
   Compiling static_assertions v1.1.0
   Compiling tower-http v0.6.11
   Compiling nu-ansi-term v0.50.3
   Compiling base64 v0.22.1
   Compiling tempfile v3.27.0
   Compiling keyring v3.6.3
   Compiling matchers v0.2.0
   Compiling hyper-util v0.1.21
   Compiling tracing-subscriber v0.3.23
   Compiling directories v6.0.0
   Compiling wayland-protocols-wlr v0.3.12
   Compiling wayland-protocols-plasma v0.3.12
   Compiling wayland-protocols-misc v0.3.12
   Compiling wayland-protocols-experimental v20250721.0.1
   Compiling rustls-webpki v0.103.15
   Compiling x11rb v0.13.2
   Compiling smithay-clipboard v0.7.3
   Compiling egui_glow v0.33.3
   Compiling arboard v3.6.1
   Compiling tokio-rustls v0.26.6
   Compiling tungstenite v0.28.0
   Compiling hyper-rustls v0.27.10
   Compiling reqwest v0.12.28
   Compiling tokio-tungstenite v0.28.0
   Compiling egui-winit v0.33.3
   Compiling eframe v0.33.3
   Compiling pipewire v0.10.1
   Compiling scap v0.0.8 (/home/florian/Projects/dartmoor/vendor/scap)
   Compiling lumen-desktop v0.1.0 (/home/florian/Projects/dartmoor)
    Finished `release` profile [optimized] target(s) in 40.30s
