   Compiling serde_core v1.0.229
   Compiling serde v1.0.229
   Compiling cfg-if v1.0.5
   Compiling pkg-config v0.3.34
   Compiling glob v0.3.4
   Compiling target-lexicon v0.13.5
   Compiling hashbrown v0.17.1
   Compiling equivalent v1.0.2
   Compiling proc-macro2 v1.0.107
   Compiling libc v0.2.190
   Compiling either v1.18.0
   Compiling unicode-ident v1.0.26
   Compiling quote v1.0.47
   Compiling winnow v0.7.15
   Compiling memchr v2.8.3
   Compiling smallvec v1.16.2
   Compiling minimal-lexical v0.2.1
   Compiling regex-syntax v0.8.11
   Compiling bindgen v0.72.1
   Compiling unicode-width v0.2.2
   Compiling libloading v0.8.9
   Compiling heck v0.5.0
   Compiling version-compare v0.2.1
   Compiling anstyle v1.0.11
   Compiling itertools v0.12.1
   Compiling bitflags v2.13.2
   Compiling shlex v1.3.0
   Compiling shlex v2.0.1
   Compiling find-msvc-tools v0.1.14
   Compiling rustc-hash v2.1.3
   Compiling crossbeam-utils v0.8.23
   Compiling annotate-snippets v0.11.5
   Compiling crossbeam-epoch v0.9.21
   Compiling zerocopy v0.8.59
   Compiling clang-sys v1.9.1
   Compiling crossbeam-deque v0.8.8
   Compiling rustix v1.1.5
   Compiling cc v1.6.0
   Compiling rayon-core v1.13.0
   Compiling linux-raw-sys v0.12.1
   Compiling cookie-factory v0.3.3
   Compiling nom v7.1.3
   Compiling libdbus-sys v0.2.7
   Compiling indexmap v2.14.2
   Compiling nom v8.0.0
   Compiling once_cell v1.21.4
   Compiling cfg-expr v0.20.10
   Compiling syn v2.0.119
   Compiling regex-automata v0.4.18
   Compiling getrandom v0.2.17
   Compiling dbus v0.9.12
   Compiling rayon v1.12.0
   Compiling rand_core v0.6.4
   Compiling cexpr v0.6.0
   Compiling toml_datetime v0.6.11
   Compiling serde_spanned v0.6.9
   Compiling regex v1.13.1
   Compiling toml_edit v0.22.27
   Compiling sysinfo v0.30.13
   Compiling ppv-lite86 v0.2.21
   Compiling toml v0.8.23
   Compiling rand_chacha v0.3.1
   Compiling system-deps v7.0.5
   Compiling rand v0.8.8
   Compiling libspa v0.10.1
   Compiling libspa-sys v0.10.1
   Compiling pipewire-sys v0.10.1
   Compiling pipewire v0.10.1
   Compiling scap v0.0.8 (/home/florian/Projects/dartmoor/vendor/scap)
    Finished `test` profile [unoptimized + debuginfo] target(s) in 17.67s
     Running unittests src/lib.rs (vendor/scap/target/debug/deps/scap-c7baeb9822ea1970)

running 18 tests
test capturer::engine::linux::tests::rejects_truncated_or_invalid_layouts ... ok
test capturer::engine::linux::tests::strips_offset_and_row_padding ... ok
test capturer::engine::mac_frame_state::tests::idle_requires_a_valid_image_and_recovers_after_failed_conversion ... ok
test capturer::engine::mac_frame_state::tests::backend_error_invalidates_idle_reuse ... ok
test capturer::engine::mac_frame_state::tests::mailbox_delivers_invalidation_before_idle_can_refresh_cached_image ... ok
test capturer::engine::mac_frame_state::tests::only_explicit_known_statuses_are_accepted ... ok
test capturer::engine::mac_mailbox::tests::blocked_receiver_wakes_for_disconnection ... ok
test capturer::engine::mac_mailbox::tests::cloned_sender_keeps_receiver_connected_and_pending_item_is_delivered_first ... ok
test capturer::engine::mac_mailbox::tests::idle_replaces_idle_and_can_follow_a_consumed_image ... ok
test capturer::engine::mac_mailbox::tests::invalidation_replaces_pending_sample_and_survives_idle ... ok
test capturer::engine::mac_mailbox::tests::latest_image_replaces_older_images_and_idle ... ok
test capturer::engine::mac_mailbox::tests::blocked_receiver_wakes_for_image ... ok
test capturer::engine::mac_mailbox::tests::queued_idle_then_complete_survives_subsequent_idle ... ok
test capturer::engine::mac_mailbox::tests::replaced_ignored_and_receiver_dropped_items_are_released_once ... ok
test frame::tests::test_convert_bgra_to_rgb ... ok
test frame::tests::test_get_cropped_data ... ok
test frame::tests::test_remove_alpha_channel ... ok
test capturer::engine::mac_mailbox::tests::empty_mailbox_times_out_then_accepts_a_sample ... ok

test result: ok. 18 passed; 0 failed; 0 ignored; 0 measured; 0 filtered out; finished in 0.00s
