   Compiling memchr v2.8.3
   Compiling cfg-if v1.0.5
   Compiling either v1.18.0
    Checking linux-raw-sys v0.12.1
    Checking libc v0.2.190
    Checking crossbeam-utils v0.8.23
    Checking bitflags v2.13.2
    Checking cookie-factory v0.3.3
    Checking once_cell v1.21.4
    Checking zerocopy v0.8.59
    Checking libdbus-sys v0.2.7
   Compiling libloading v0.8.9
   Compiling itertools v0.12.1
   Compiling clang-sys v1.9.1
    Checking crossbeam-epoch v0.9.21
    Checking rustix v1.1.5
    Checking nom v8.0.0
   Compiling nom v7.1.3
    Checking crossbeam-deque v0.8.8
    Checking rayon-core v1.13.0
    Checking getrandom v0.2.17
    Checking dbus v0.9.12
    Checking rayon v1.12.0
    Checking rand_core v0.6.4
   Compiling cexpr v0.6.0
   Compiling bindgen v0.72.1
    Checking sysinfo v0.30.13
    Checking ppv-lite86 v0.2.21
    Checking rand_chacha v0.3.1
    Checking rand v0.8.8
   Compiling libspa-sys v0.10.1
   Compiling pipewire-sys v0.10.1
   Compiling libspa v0.10.1
    Checking pipewire v0.10.1
    Checking scap v0.0.8 (/home/florian/Projects/dartmoor/vendor/scap)
    Finished `dev` profile [unoptimized + debuginfo] target(s) in 8.55s
