$ rustup show
Default host: x86_64-unknown-linux-gnu
rustup home:  /home/florian/.rustup

installed toolchains
--------------------
stable-x86_64-unknown-linux-gnu (default)
1.85-x86_64-unknown-linux-gnu
1.99.0-x86_64-unknown-linux-gnu (active)

active toolchain
----------------
name: 1.99.0-x86_64-unknown-linux-gnu
active because: overridden by '/home/florian/Projects/dartmoor/rust-toolchain.toml'
installed targets:
  x86_64-unknown-linux-gnu
Exit status: 0

$ rustc --version --verbose
rustc 1.99.0 (b940084d7 2026-09-28)
binary: rustc
commit-hash: b940084d7eb6a299eb4bfeb8e34901bc051e7ac4
commit-date: 2026-09-28
host: x86_64-unknown-linux-gnu
release: 1.99.0
LLVM version: 23.1.1
Exit status: 0

$ cargo --version
cargo 1.99.0 (5f94df478 2026-08-27)
Exit status: 0

$ rustup component list --installed
cargo-x86_64-unknown-linux-gnu
clippy-x86_64-unknown-linux-gnu
rust-std-x86_64-unknown-linux-gnu
rustc-x86_64-unknown-linux-gnu
rustfmt-x86_64-unknown-linux-gnu
Exit status: 0

$ cargo fmt --all -- --check
Exit status: 0

$ cargo fmt --manifest-path vendor/scap/Cargo.toml -- --check
Exit status: 0
